../Application/User/Game2048.c:102:13:compressAndMergeRowLeft	16	static
../Application/User/Game2048.c:31:6:initRandom	8	static
../Application/User/Game2048.c:40:10:customRand	0	static
../Application/User/Game2048.c:47:5:betterRand	8	static
../Application/User/Game2048.c:134:6:moveLeft	16	static
../Application/User/Game2048.c:147:6:moveRight	32	static
../Application/User/Game2048.c:171:6:moveUp	32	static
../Application/User/Game2048.c:191:6:moveDown	32	static
../Application/User/Game2048.c:211:6:spawnRandomTile	152	static
../Application/User/Game2048.c:52:6:initGame	8	static
../Application/User/Game2048.c:244:6:checkWin	0	static
../Application/User/Game2048.c:275:6:hasEmptyCell	0	static
../Application/User/Game2048.c:284:6:canMerge	12	static
../Application/User/Game2048.c:259:6:checkGameOver	8	static
../Application/User/Game2048.c:69:6:handleInputDirection	8	static
../Application/User/Game2048.c:301:6:SaveBestScore	0	static
../Application/User/Game2048.c:306:5:LoadBestScore	0	static
../Application/User/Game2048.c:312:7:getGameBoard	0	static
