../Application/User/Game2048.c:104:13:compressAndMergeRowLeft	16	static
../Application/User/Game2048.c:32:6:initRandom	8	static
../Application/User/Game2048.c:41:10:customRand	0	static
../Application/User/Game2048.c:48:5:betterRand	8	static
../Application/User/Game2048.c:136:6:moveLeft	16	static
../Application/User/Game2048.c:149:6:moveRight	32	static
../Application/User/Game2048.c:173:6:moveUp	32	static
../Application/User/Game2048.c:193:6:moveDown	32	static
../Application/User/Game2048.c:213:6:spawnRandomTile	152	static
../Application/User/Game2048.c:53:6:initGame	8	static
../Application/User/Game2048.c:246:6:checkWin	0	static
../Application/User/Game2048.c:277:6:hasEmptyCell	0	static
../Application/User/Game2048.c:286:6:canMerge	12	static
../Application/User/Game2048.c:261:6:checkGameOver	8	static
../Application/User/Game2048.c:70:6:handleInputDirection	8	static
../Application/User/Game2048.c:303:6:SaveBestScore	0	static
../Application/User/Game2048.c:308:5:LoadBestScore	0	static
../Application/User/Game2048.c:314:7:getGameBoard	0	static
