../Application/User/Game2048.c:195:13:compressAndMergeRowLeft	56	static
../Application/User/Game2048.c:43:10:customRand	0	static
../Application/User/Game2048.c:50:5:betterRand	8	static
../Application/User/Game2048.c:56:6:debugPrintString	8	static
../Application/User/Game2048.c:61:6:debugPrintNumber	24	static
../Application/User/Game2048.c:30:6:initRandom	8	static
../Application/User/Game2048.c:68:6:debugPrintGameState	0	static
../Application/User/Game2048.c:87:6:debugPrintBoard	40	static
../Application/User/Game2048.c:244:6:moveLeft	16	static
../Application/User/Game2048.c:257:6:moveRight	32	static
../Application/User/Game2048.c:281:6:moveUp	32	static
../Application/User/Game2048.c:301:6:moveDown	32	static
../Application/User/Game2048.c:321:6:spawnRandomTile	152	static
../Application/User/Game2048.c:110:6:initGame	8	static
../Application/User/Game2048.c:367:6:checkWin	16	static
../Application/User/Game2048.c:408:6:hasEmptyCell	8	static
../Application/User/Game2048.c:427:6:canMerge	16	static
../Application/User/Game2048.c:389:6:checkGameOver	8	static
../Application/User/Game2048.c:135:6:handleInputDirection	16	static
../Application/User/Game2048.c:458:6:SaveBestScore	0	static
../Application/User/Game2048.c:463:5:LoadBestScore	0	static
../Application/User/Game2048.c:469:7:getGameBoard	0	static
