../Application/User/Game2048.c:171:13:compressAndMergeRowLeft	56	static
../Application/User/Game2048.c:27:5:fakeRand	0	static
../Application/User/Game2048.c:34:6:debugPrintString	8	static
../Application/User/Game2048.c:39:6:debugPrintNumber	24	static
../Application/User/Game2048.c:46:6:debugPrintGameState	0	static
../Application/User/Game2048.c:65:6:debugPrintBoard	40	static
../Application/User/Game2048.c:219:6:moveLeft	16	static
../Application/User/Game2048.c:232:6:moveRight	32	static
../Application/User/Game2048.c:256:6:moveUp	32	static
../Application/User/Game2048.c:276:6:moveDown	32	static
../Application/User/Game2048.c:296:6:spawnRandomTile	144	static
../Application/User/Game2048.c:88:6:initGame	8	static
../Application/User/Game2048.c:340:6:checkWin	16	static
../Application/User/Game2048.c:381:6:hasEmptyCell	8	static
../Application/User/Game2048.c:400:6:canMerge	16	static
../Application/User/Game2048.c:362:6:checkGameOver	8	static
../Application/User/Game2048.c:110:6:handleInputDirection	16	static
../Application/User/Game2048.c:431:11:getGameState	0	static
