../Application/User/Game2048.c:106:13:compressAndMergeRowLeft	16	static
../Application/User/Game2048.c:34:6:initRandom	8	static
../Application/User/Game2048.c:43:10:customRand	0	static
../Application/User/Game2048.c:50:5:betterRand	8	static
../Application/User/Game2048.c:140:6:moveLeft	16	static
../Application/User/Game2048.c:153:6:moveRight	32	static
../Application/User/Game2048.c:177:6:moveUp	32	static
../Application/User/Game2048.c:197:6:moveDown	32	static
../Application/User/Game2048.c:217:6:spawnRandomTile	152	static
../Application/User/Game2048.c:249:6:spawnRandomTilesNTimes	16	static
../Application/User/Game2048.c:55:6:initGame	8	static
../Application/User/Game2048.c:258:6:checkWin	0	static
../Application/User/Game2048.c:289:6:hasEmptyCell	0	static
../Application/User/Game2048.c:298:6:canMerge	12	static
../Application/User/Game2048.c:273:6:checkGameOver	8	static
../Application/User/Game2048.c:72:6:handleInputDirection	8	static
../Application/User/Game2048.c:315:6:SaveBestScore	0	static
../Application/User/Game2048.c:320:5:LoadBestScore	0	static
../Application/User/Game2048.c:326:7:getGameBoard	0	static
