../Application/User/Game2048.c:191:13:compressAndMergeRowLeft	56	static
../Application/User/Game2048.c:41:10:customRand	0	static
../Application/User/Game2048.c:48:5:betterRand	8	static
../Application/User/Game2048.c:54:6:debugPrintString	8	static
../Application/User/Game2048.c:59:6:debugPrintNumber	24	static
../Application/User/Game2048.c:28:6:initRandom	8	static
../Application/User/Game2048.c:66:6:debugPrintGameState	0	static
../Application/User/Game2048.c:85:6:debugPrintBoard	40	static
../Application/User/Game2048.c:240:6:moveLeft	16	static
../Application/User/Game2048.c:253:6:moveRight	32	static
../Application/User/Game2048.c:277:6:moveUp	32	static
../Application/User/Game2048.c:297:6:moveDown	32	static
../Application/User/Game2048.c:317:6:spawnRandomTile	152	static
../Application/User/Game2048.c:108:6:initGame	8	static
../Application/User/Game2048.c:363:6:checkWin	16	static
../Application/User/Game2048.c:404:6:hasEmptyCell	8	static
../Application/User/Game2048.c:423:6:canMerge	16	static
../Application/User/Game2048.c:385:6:checkGameOver	8	static
../Application/User/Game2048.c:131:6:handleInputDirection	16	static
../Application/User/Game2048.c:454:7:getGameBoard	0	static
