../Application/User/Game2048.c:108:13:compressAndMergeRowLeft	16	static
../Application/User/Game2048.c:33:6:initRandom	8	static
../Application/User/Game2048.c:42:10:customRand	0	static
../Application/User/Game2048.c:49:5:betterRand	8	static
../Application/User/Game2048.c:142:6:moveLeft	16	static
../Application/User/Game2048.c:155:6:moveRight	32	static
../Application/User/Game2048.c:179:6:moveUp	32	static
../Application/User/Game2048.c:199:6:moveDown	32	static
../Application/User/Game2048.c:219:6:spawnRandomTile	152	static
../Application/User/Game2048.c:251:6:spawnRandomTilesNTimes	16	static
../Application/User/Game2048.c:54:6:initGame	8	static
../Application/User/Game2048.c:260:6:checkWin	0	static
../Application/User/Game2048.c:291:6:hasEmptyCell	0	static
../Application/User/Game2048.c:300:6:canMerge	12	static
../Application/User/Game2048.c:275:6:checkGameOver	8	static
../Application/User/Game2048.c:71:6:handleInputDirection	8	static
../Application/User/Game2048.c:317:6:SaveBestScore	0	static
../Application/User/Game2048.c:322:5:LoadBestScore	0	static
../Application/User/Game2048.c:328:7:getGameBoard	0	static
