C:/TouchGFXProjects/Game2048/Core/Src/main.c:1059:13:SPI5_Write	16	static
C:/TouchGFXProjects/Game2048/Core/Src/main.c:1171:6:StartDefaultTask	8	static
C:/TouchGFXProjects/Game2048/Core/Src/main.c:163:6:HAL_I2S_TxCpltCallback	0	static
C:/TouchGFXProjects/Game2048/Core/Src/main.c:170:6:playAudio	4	static
C:/TouchGFXProjects/Game2048/Core/Src/main.c:305:6:SystemClock_Config	96	static
C:/TouchGFXProjects/Game2048/Core/Src/main.c:208:5:main	120	static
C:/TouchGFXProjects/Game2048/Core/Src/main.c:903:6:IOE_Init	0	static
C:/TouchGFXProjects/Game2048/Core/Src/main.c:912:6:IOE_ITConfig	0	static
C:/TouchGFXProjects/Game2048/Core/Src/main.c:924:6:IOE_Write	32	static
C:/TouchGFXProjects/Game2048/Core/Src/main.c:935:9:IOE_Read	32	static
C:/TouchGFXProjects/Game2048/Core/Src/main.c:948:10:IOE_ReadMultiple	24	static
C:/TouchGFXProjects/Game2048/Core/Src/main.c:957:6:IOE_Delay	0	static
C:/TouchGFXProjects/Game2048/Core/Src/main.c:1085:6:LCD_IO_Init	8	static
C:/TouchGFXProjects/Game2048/Core/Src/main.c:1095:6:LCD_IO_WriteData	16	static
C:/TouchGFXProjects/Game2048/Core/Src/main.c:1111:6:LCD_IO_WriteReg	16	static
C:/TouchGFXProjects/Game2048/Core/Src/main.c:1130:10:LCD_IO_ReadData	32	static
C:/TouchGFXProjects/Game2048/Core/Src/main.c:1157:6:LCD_Delay	0	static
C:/TouchGFXProjects/Game2048/Core/Src/main.c:1190:6:HAL_TIM_PeriodElapsedCallback	0	static
C:/TouchGFXProjects/Game2048/Core/Src/main.c:1208:6:Error_Handler	0	static
