C:/TouchGFXProjects/Game2048/Core/Src/main.c:1059:13:SPI5_Write	1
C:/TouchGFXProjects/Game2048/Core/Src/main.c:1171:6:StartDefaultTask	1
C:/TouchGFXProjects/Game2048/Core/Src/main.c:163:6:HAL_I2S_TxCpltCallback	2
C:/TouchGFXProjects/Game2048/Core/Src/main.c:170:6:playAudio	6
C:/TouchGFXProjects/Game2048/Core/Src/main.c:305:6:SystemClock_Config	1
C:/TouchGFXProjects/Game2048/Core/Src/main.c:208:5:main	2
C:/TouchGFXProjects/Game2048/Core/Src/main.c:903:6:IOE_Init	1
C:/TouchGFXProjects/Game2048/Core/Src/main.c:912:6:IOE_ITConfig	1
C:/TouchGFXProjects/Game2048/Core/Src/main.c:924:6:IOE_Write	1
C:/TouchGFXProjects/Game2048/Core/Src/main.c:935:9:IOE_Read	1
C:/TouchGFXProjects/Game2048/Core/Src/main.c:948:10:IOE_ReadMultiple	1
C:/TouchGFXProjects/Game2048/Core/Src/main.c:957:6:IOE_Delay	1
C:/TouchGFXProjects/Game2048/Core/Src/main.c:1085:6:LCD_IO_Init	1
C:/TouchGFXProjects/Game2048/Core/Src/main.c:1095:6:LCD_IO_WriteData	1
C:/TouchGFXProjects/Game2048/Core/Src/main.c:1111:6:LCD_IO_WriteReg	1
C:/TouchGFXProjects/Game2048/Core/Src/main.c:1130:10:LCD_IO_ReadData	1
C:/TouchGFXProjects/Game2048/Core/Src/main.c:1157:6:LCD_Delay	1
C:/TouchGFXProjects/Game2048/Core/Src/main.c:1190:6:HAL_TIM_PeriodElapsedCallback	2
C:/TouchGFXProjects/Game2048/Core/Src/main.c:1208:6:Error_Handler	1
