C:/TouchGFXProjects/Game2048/Core/Src/stm32f4xx_it.c:75:6:NMI_Handler	0	static
C:/TouchGFXProjects/Game2048/Core/Src/stm32f4xx_it.c:88:6:HardFault_Handler	0	static
C:/TouchGFXProjects/Game2048/Core/Src/stm32f4xx_it.c:103:6:MemManage_Handler	0	static
C:/TouchGFXProjects/Game2048/Core/Src/stm32f4xx_it.c:118:6:BusFault_Handler	0	static
C:/TouchGFXProjects/Game2048/Core/Src/stm32f4xx_it.c:133:6:UsageFault_Handler	0	static
C:/TouchGFXProjects/Game2048/Core/Src/stm32f4xx_it.c:148:6:DebugMon_Handler	0	static
C:/TouchGFXProjects/Game2048/Core/Src/stm32f4xx_it.c:168:6:EXTI1_IRQHandler	0	static
C:/TouchGFXProjects/Game2048/Core/Src/stm32f4xx_it.c:182:6:EXTI2_IRQHandler	0	static
C:/TouchGFXProjects/Game2048/Core/Src/stm32f4xx_it.c:196:6:EXTI15_10_IRQHandler	8	static
C:/TouchGFXProjects/Game2048/Core/Src/stm32f4xx_it.c:211:6:TIM6_DAC_IRQHandler	0	static
C:/TouchGFXProjects/Game2048/Core/Src/stm32f4xx_it.c:225:6:LTDC_IRQHandler	0	static
C:/TouchGFXProjects/Game2048/Core/Src/stm32f4xx_it.c:239:6:DMA2D_IRQHandler	0	static
C:/TouchGFXProjects/Game2048/Core/Src/stm32f4xx_it.c:255:6:HAL_GPIO_EXTI_Callback	16	static
