C:/TouchGFXProjects/Game2048/Core/Src/stm32f4xx_hal_msp.c:64:6:HAL_MspInit	8	static
C:/TouchGFXProjects/Game2048/Core/Src/stm32f4xx_hal_msp.c:89:6:HAL_CRC_MspInit	8	static
C:/TouchGFXProjects/Game2048/Core/Src/stm32f4xx_hal_msp.c:112:6:HAL_CRC_MspDeInit	0	static
C:/TouchGFXProjects/Game2048/Core/Src/stm32f4xx_hal_msp.c:134:6:HAL_DMA2D_MspInit	16	static
C:/TouchGFXProjects/Game2048/Core/Src/stm32f4xx_hal_msp.c:160:6:HAL_DMA2D_MspDeInit	0	static
C:/TouchGFXProjects/Game2048/Core/Src/stm32f4xx_hal_msp.c:185:6:HAL_I2C_MspInit	64	static
C:/TouchGFXProjects/Game2048/Core/Src/stm32f4xx_hal_msp.c:234:6:HAL_I2C_MspDeInit	8	static
C:/TouchGFXProjects/Game2048/Core/Src/stm32f4xx_hal_msp.c:265:6:HAL_LTDC_MspInit	120	static
C:/TouchGFXProjects/Game2048/Core/Src/stm32f4xx_hal_msp.c:391:6:HAL_LTDC_MspDeInit	8	static
C:/TouchGFXProjects/Game2048/Core/Src/stm32f4xx_hal_msp.c:453:6:HAL_RTC_MspInit	56	static
C:/TouchGFXProjects/Game2048/Core/Src/stm32f4xx_hal_msp.c:487:6:HAL_RTC_MspDeInit	0	static
C:/TouchGFXProjects/Game2048/Core/Src/stm32f4xx_hal_msp.c:509:6:HAL_SPI_MspInit	40	static
C:/TouchGFXProjects/Game2048/Core/Src/stm32f4xx_hal_msp.c:547:6:HAL_SPI_MspDeInit	0	static
C:/TouchGFXProjects/Game2048/Core/Src/stm32f4xx_hal_msp.c:577:6:HAL_UART_MspInit	40	static
C:/TouchGFXProjects/Game2048/Core/Src/stm32f4xx_hal_msp.c:614:6:HAL_UART_MspDeInit	0	static
C:/TouchGFXProjects/Game2048/Core/Src/stm32f4xx_hal_msp.c:745:6:HAL_SDRAM_MspInit	48	static
C:/TouchGFXProjects/Game2048/Core/Src/stm32f4xx_hal_msp.c:831:6:HAL_SDRAM_MspDeInit	8	static
