C:/TouchGFXProjects/Game2048/Core/Src/stm32f4xx_hal_msp.c:65:6:HAL_MspInit	8	static
C:/TouchGFXProjects/Game2048/Core/Src/stm32f4xx_hal_msp.c:90:6:HAL_CRC_MspInit	8	static
C:/TouchGFXProjects/Game2048/Core/Src/stm32f4xx_hal_msp.c:113:6:HAL_CRC_MspDeInit	0	static
C:/TouchGFXProjects/Game2048/Core/Src/stm32f4xx_hal_msp.c:135:6:HAL_DMA2D_MspInit	16	static
C:/TouchGFXProjects/Game2048/Core/Src/stm32f4xx_hal_msp.c:161:6:HAL_DMA2D_MspDeInit	0	static
C:/TouchGFXProjects/Game2048/Core/Src/stm32f4xx_hal_msp.c:186:6:HAL_I2C_MspInit	64	static
C:/TouchGFXProjects/Game2048/Core/Src/stm32f4xx_hal_msp.c:235:6:HAL_I2C_MspDeInit	8	static
C:/TouchGFXProjects/Game2048/Core/Src/stm32f4xx_hal_msp.c:266:6:HAL_I2S_MspInit	104	static
C:/TouchGFXProjects/Game2048/Core/Src/stm32f4xx_hal_msp.c:346:6:HAL_I2S_MspDeInit	8	static
C:/TouchGFXProjects/Game2048/Core/Src/stm32f4xx_hal_msp.c:380:6:HAL_LTDC_MspInit	120	static
C:/TouchGFXProjects/Game2048/Core/Src/stm32f4xx_hal_msp.c:506:6:HAL_LTDC_MspDeInit	8	static
C:/TouchGFXProjects/Game2048/Core/Src/stm32f4xx_hal_msp.c:568:6:HAL_RTC_MspInit	56	static
C:/TouchGFXProjects/Game2048/Core/Src/stm32f4xx_hal_msp.c:602:6:HAL_RTC_MspDeInit	0	static
C:/TouchGFXProjects/Game2048/Core/Src/stm32f4xx_hal_msp.c:624:6:HAL_SPI_MspInit	40	static
C:/TouchGFXProjects/Game2048/Core/Src/stm32f4xx_hal_msp.c:662:6:HAL_SPI_MspDeInit	0	static
C:/TouchGFXProjects/Game2048/Core/Src/stm32f4xx_hal_msp.c:692:6:HAL_UART_MspInit	40	static
C:/TouchGFXProjects/Game2048/Core/Src/stm32f4xx_hal_msp.c:729:6:HAL_UART_MspDeInit	0	static
C:/TouchGFXProjects/Game2048/Core/Src/stm32f4xx_hal_msp.c:860:6:HAL_SDRAM_MspInit	48	static
C:/TouchGFXProjects/Game2048/Core/Src/stm32f4xx_hal_msp.c:946:6:HAL_SDRAM_MspDeInit	8	static
