../../Middlewares/ST/touchgfx/framework/include/touchgfx/Screen.hpp:104:18:virtual void touchgfx::Screen::afterTransition()	0	static
../../Middlewares/ST/touchgfx/framework/include/touchgfx/Screen.hpp:154:18:virtual void touchgfx::Screen::handleKeyEvent(uint8_t)	0	static
C:/Users/Admin/Documents/He Nhung/Game2048_onSTM32F429ZIT6/TouchGFX/gui/src/gamescreen_screen/GameScreenView.cpp:81:6:virtual void GameScreenView::tearDownScreen()	0	static
../../TouchGFX/gui/include/gui/gamescreen_screen/GameScreenView.hpp:15:13:GameScreenView::~GameScreenView()	8	static
../../TouchGFX/gui/include/gui/gamescreen_screen/GameScreenView.hpp:15:13:virtual GameScreenView::~GameScreenView()	8	static
C:/Users/Admin/Documents/He Nhung/Game2048_onSTM32F429ZIT6/TouchGFX/gui/src/gamescreen_screen/GameScreenView.cpp:23:1:GameScreenView::GameScreenView()	8	static
C:/Users/Admin/Documents/He Nhung/Game2048_onSTM32F429ZIT6/TouchGFX/gui/src/gamescreen_screen/GameScreenView.cpp:28:6:virtual void GameScreenView::setupScreen()	16	static
C:/Users/Admin/Documents/He Nhung/Game2048_onSTM32F429ZIT6/TouchGFX/gui/src/gamescreen_screen/GameScreenView.cpp:86:6:virtual void GameScreenView::NewGame()	16	static
C:/Users/Admin/Documents/He Nhung/Game2048_onSTM32F429ZIT6/TouchGFX/gui/src/gamescreen_screen/GameScreenView.cpp:99:6:void GameScreenView::WinGame()	8	static
C:/Users/Admin/Documents/He Nhung/Game2048_onSTM32F429ZIT6/TouchGFX/gui/src/gamescreen_screen/GameScreenView.cpp:106:6:void GameScreenView::GameOver()	8	static
C:/Users/Admin/Documents/He Nhung/Game2048_onSTM32F429ZIT6/TouchGFX/gui/src/gamescreen_screen/GameScreenView.cpp:113:6:void GameScreenView::Continue()	8	static
C:/Users/Admin/Documents/He Nhung/Game2048_onSTM32F429ZIT6/TouchGFX/gui/src/gamescreen_screen/GameScreenView.cpp:122:6:void GameScreenView::updateScore(int)	24	static
C:/Users/Admin/Documents/He Nhung/Game2048_onSTM32F429ZIT6/TouchGFX/gui/src/gamescreen_screen/GameScreenView.cpp:49:6:virtual void GameScreenView::handleTickEvent()	24	static
