../../Middlewares/ST/touchgfx/framework/include/touchgfx/Screen.hpp:104:18:virtual void touchgfx::Screen::afterTransition()	0	static
../../Middlewares/ST/touchgfx/framework/include/touchgfx/Screen.hpp:144:18:virtual void touchgfx::Screen::handleTickEvent()	0	static
../../Middlewares/ST/touchgfx/framework/include/touchgfx/Screen.hpp:154:18:virtual void touchgfx::Screen::handleKeyEvent(uint8_t)	0	static
C:/TouchGFXProjects/Game2048/TouchGFX/gui/src/gamescreen_screen/GameScreenView.cpp:46:6:virtual void GameScreenView::tearDownScreen()	0	static
../../TouchGFX/gui/include/gui/gamescreen_screen/GameScreenView.hpp:12:13:GameScreenView::~GameScreenView()	8	static
../../TouchGFX/gui/include/gui/gamescreen_screen/GameScreenView.hpp:12:13:virtual GameScreenView::~GameScreenView()	8	static
C:/TouchGFXProjects/Game2048/TouchGFX/gui/src/gamescreen_screen/GameScreenView.cpp:14:6:)	144	static
C:/TouchGFXProjects/Game2048/TouchGFX/gui/src/gamescreen_screen/GameScreenView.cpp:24:1:GameScreenView::GameScreenView()	8	static
C:/TouchGFXProjects/Game2048/TouchGFX/gui/src/gamescreen_screen/GameScreenView.cpp:51:6:void GameScreenView::updateBoard(int (*)[4])	32	static
C:/TouchGFXProjects/Game2048/TouchGFX/gui/src/gamescreen_screen/GameScreenView.cpp:66:17:void updateGameView(int (*)[4])	16	static
C:/TouchGFXProjects/Game2048/TouchGFX/gui/src/gamescreen_screen/GameScreenView.cpp:29:6:virtual void GameScreenView::setupScreen()	8	static
